<html>
<body>
<pre>
<h1>µVision Build Log</h1>
<h2>Tool Versions:</h2>
IDE-Version: µVision V5.28.0.0
Copyright (C) 2019 ARM Ltd and ARM Germany GmbH. All rights reserved.
License Information: Nguyen Tam, BKU, LIC=EXJHL-03VNN-3M89Q-NRDEC-X3RT3-PKMMD
 
Tool Versions:
Toolchain:       MDK-ARM Plus  Version: 5.28.0.0
Toolchain Path:  C:\Keil_v5\ARM\ARMCC\Bin
C Compiler:      Armcc.exe V5.06 update 6 (build 750)
Assembler:       Armasm.exe V5.06 update 6 (build 750)
Linker/Locator:  ArmLink.exe V5.06 update 6 (build 750)
Library Manager: ArmAr.exe V5.06 update 6 (build 750)
Hex Converter:   FromElf.exe V5.06 update 6 (build 750)
CPU DLL:         SARMCM3.DLL V5.28.0.0
Dialog DLL:      DCM.DLL V1.17.3.0
Target DLL:      STLink\ST-LINKIII-KEIL_SWO.dll V3.0.6.0
Dialog DLL:      TCM.DLL V1.36.2.0
 
<h2>Project:</h2>
C:\GIT\STM32F103_ValveController\Firmware\Valve\Project\RVMDK - FreeRTOS\Project.uvprojx
Project File Date:  11/26/2019

<h2>Output:</h2>
*** Using Compiler 'V5.06 update 6 (build 750)', folder: 'C:\Keil_v5\ARM\ARMCC\Bin'
Build target 'STM32F103RC'
compiling Valve.c...
..\inc\zwave.h(30): warning:  #1-D: last line of file ends without a newline
  #endif 
..\inc\hw_config.h(123): warning:  #1-D: last line of file ends without a newline
  #endif
..\inc\Valve.h(63): warning:  #1-D: last line of file ends without a newline
  #endif
..\inc\eeprom.h(16): warning:  #1-D: last line of file ends without a newline
  #endif
..\src\Valve.c(133): warning:  #9-D: nested comment is not allowed
  		/*NVIC for StopSensor/*/
..\src\Valve.c(134): warning:  #550-D: variable "EXTI_InitStructure"  was set but never used
  			EXTI_InitTypeDef   EXTI_InitStructure;
..\src\Valve.c(246): warning:  #188-D: enumerated type mixed with another type
  				MotorState[data_control.motor_num] = (data_control.state ==0)?2:3;
..\src\Valve.c(234): warning:  #177-D: variable "data_reponse"  was declared but never referenced
  		Data_motor_t data_reponse;
..\src\Valve.c(236): warning:  #177-D: variable "xTicksToWait"  was declared but never referenced
      const portTickType xTicksToWait = 100 / portTICK_RATE_MS;
..\src\Valve.c(238): warning:  #177-D: variable "buf"  was declared but never referenced
  		uint8_t buf = 0;
..\src\Valve.c(342): warning:  #1-D: last line of file ends without a newline
  	
..\src\Valve.c(191): warning:  #177-D: function "Motor_Home"  was declared but never referenced
  static void Motor_Home(uint8_t motor_num)
..\src\Valve.c: 12 warnings, 0 errors
linking...
Program Size: Code=11668 RO-data=376 RW-data=188 ZI-data=18844  
FromELF: creating hex file...
".\Obj\STM32F103RC.axf" - 0 Error(s), 12 Warning(s).

<h2>Software Packages used:</h2>

Package Vendor: Keil
                http://www.keil.com/pack/Keil.STM32F1xx_DFP.2.3.0.pack
                Keil.STM32F1xx_DFP.2.3.0
                STMicroelectronics STM32F1 Series Device Support, Drivers and Examples

<h2>Collection of Component include folders:</h2>
  .\RTE\_STM32F103RC
  C:\Users\NguyenThanhTam\AppData\Local\Arm\Packs\Keil\STM32F1xx_DFP\2.3.0\Device\Include

<h2>Collection of Component Files used:</h2>
Build Time Elapsed:  00:00:01
</pre>
</body>
</html>
