<html>
<body>
<pre>
<h1>µVision Build Log</h1>
<h2>Tool Versions:</h2>
IDE-Version: µVision V5.28.0.0
Copyright (C) 2019 ARM Ltd and ARM Germany GmbH. All rights reserved.
License Information: Nguyen Tam, BKU, LIC=EXJHL-03VNN-3M89Q-NRDEC-X3RT3-PKMMD
 
Tool Versions:
Toolchain:       MDK-ARM Plus  Version: 5.28.0.0
Toolchain Path:  C:\Keil_v5\ARM\ARMCC\Bin
C Compiler:      Armcc.exe V5.06 update 6 (build 750)
Assembler:       Armasm.exe V5.06 update 6 (build 750)
Linker/Locator:  ArmLink.exe V5.06 update 6 (build 750)
Library Manager: ArmAr.exe V5.06 update 6 (build 750)
Hex Converter:   FromElf.exe V5.06 update 6 (build 750)
CPU DLL:         SARMCM3.DLL V5.28.0.0
Dialog DLL:      DCM.DLL V1.17.3.0
Target DLL:      STLink\ST-LINKIII-KEIL_SWO.dll V3.0.6.0
Dialog DLL:      TCM.DLL V1.36.2.0
 
<h2>Project:</h2>
C:\GIT\STM32F103_ValveController\Firmware\Valve\Project\RVMDK - FreeRTOS\Project.uvprojx
Project File Date:  11/26/2019

<h2>Output:</h2>
*** Using Compiler 'V5.06 update 6 (build 750)', folder: 'C:\Keil_v5\ARM\ARMCC\Bin'
Build target 'STM32F103RC'
compiling buttons.c...
..\inc\hw_config.h(153): warning:  #1-D: last line of file ends without a newline
  #endif
..\inc\eeprom.h(16): warning:  #1-D: last line of file ends without a newline
  #endif
..\inc\Valve.h(67): warning:  #1-D: last line of file ends without a newline
  #endif
..\src\buttons.c(40): warning:  #940-D: missing return statement at end of non-void function "switchState" 
  }
..\src\buttons.c(46): warning:  #550-D: variable "xStatus"  was set but never used
      portBASE_TYPE xStatus;
..\src\buttons.c(48): warning:  #177-D: variable "preVal"  was declared but never referenced
     sw_t    preVal[3], currentVal[3];
..\src\buttons.c(48): warning:  #177-D: variable "currentVal"  was declared but never referenced
     sw_t    preVal[3], currentVal[3];
..\src\buttons.c(50): warning:  #550-D: variable "ledData"  was set but never used
    led_object_t ledData;
..\src\buttons.c(271): warning:  #1-D: last line of file ends without a newline
  //}
..\src\buttons.c: 9 warnings, 0 errors
compiling hw_config.c...
..\inc\eeprom.h(16): warning:  #1-D: last line of file ends without a newline
  #endif
..\inc\hw_config.h(153): warning:  #1-D: last line of file ends without a newline
  #endif
..\inc\Valve.h(67): warning:  #1-D: last line of file ends without a newline
  #endif
..\src\hw_config.c(55): warning:  #550-D: variable "EXTI_InitStructure"  was set but never used
  	EXTI_InitTypeDef   EXTI_InitStructure;
..\src\hw_config.c(244): warning:  #177-D: function "RTC_Init"  was declared but never referenced
  static void RTC_Init(void)
..\src\hw_config.c: 5 warnings, 0 errors
compiling main.c...
..\inc\eeprom.h(16): warning:  #1-D: last line of file ends without a newline
  #endif
..\inc\hw_config.h(153): warning:  #1-D: last line of file ends without a newline
  #endif
..\inc\valve.h(67): warning:  #1-D: last line of file ends without a newline
  #endif
..\inc\zwave.h(30): warning:  #1-D: last line of file ends without a newline
  #endif 
..\src\main.c(194): warning:  #177-D: variable "pxValveHandles"  was declared but never referenced
  	ValveHandles_t *pxValveHandles = (ValveHandles_t*) pvParameters;
..\src\main.c(197): warning:  #177-D: variable "data"  was declared but never referenced
  		char data= 0xff;
..\src\main.c(124): warning:  #177-D: function "vTaskLED"  was declared but never referenced
  static void vTaskLED(void *pvParameters)
..\src\main.c(192): warning:  #177-D: function "vTaskUART"  was declared but never referenced
  static void vTaskUART(void *pvParameters)
..\src\main.c(62): warning:  #177-D: function "vTaskZWAVE"  was declared but never referenced
  static void vTaskZWAVE(void *pvParameters);
..\src\main.c: 9 warnings, 0 errors
compiling uart_command.c...
..\inc\hw_config.h(153): warning:  #1-D: last line of file ends without a newline
  #endif
..\src\uart_command.c: 1 warning, 0 errors
compiling stm32f10x_it.c...
..\inc\hw_config.h(153): warning:  #1-D: last line of file ends without a newline
  #endif
..\inc\eeprom.h(16): warning:  #1-D: last line of file ends without a newline
  #endif
..\inc\Valve.h(67): warning:  #1-D: last line of file ends without a newline
  #endif
..\src\stm32f10x_it.c: 3 warnings, 0 errors
compiling Valve.c...
..\inc\zwave.h(30): warning:  #1-D: last line of file ends without a newline
  #endif 
..\inc\hw_config.h(153): warning:  #1-D: last line of file ends without a newline
  #endif
..\inc\Valve.h(67): warning:  #1-D: last line of file ends without a newline
  #endif
..\inc\eeprom.h(16): warning:  #1-D: last line of file ends without a newline
  #endif
..\src\Valve.c(137): warning:  #9-D: nested comment is not allowed
  		/*NVIC for StopSensor/*/
..\src\Valve.c(138): warning:  #550-D: variable "EXTI_InitStructure"  was set but never used
  			EXTI_InitTypeDef   EXTI_InitStructure;
..\src\Valve.c(253): warning:  #188-D: enumerated type mixed with another type
  						MotorState[motor_num] = (data_control.state ==0)?2:3;
..\src\Valve.c(257): warning:  #188-D: enumerated type mixed with another type
  						MotorState[data_control.motor_num] = (data_control.state ==0)?2:3;
..\src\Valve.c(238): warning:  #177-D: variable "data_reponse"  was declared but never referenced
  		Data_motor_t data_reponse;
..\src\Valve.c(240): warning:  #177-D: variable "xTicksToWait"  was declared but never referenced
      const portTickType xTicksToWait = 100 / portTICK_RATE_MS;
..\src\Valve.c(242): warning:  #177-D: variable "buf"  was declared but never referenced
  		uint8_t buf = 0;
..\src\Valve.c(386): warning:  #1-D: last line of file ends without a newline
  	
..\src\Valve.c(195): warning:  #177-D: function "Motor_Home"  was declared but never referenced
  static void Motor_Home(uint8_t motor_num)
..\src\Valve.c: 13 warnings, 0 errors
compiling port.c...
compiling zwave.c...
..\inc\zwave.h(30): warning:  #1-D: last line of file ends without a newline
  #endif 
..\inc\hw_config.h(153): warning:  #1-D: last line of file ends without a newline
  #endif
..\inc\Valve.h(67): warning:  #1-D: last line of file ends without a newline
  #endif
..\inc\eeprom.h(16): warning:  #1-D: last line of file ends without a newline
  #endif
..\src\zwave.c(52): warning:  #177-D: variable "ZW_ready"  was declared but never referenced
  	BOOL ZW_ready =FALSE;
..\src\zwave.c(54): warning:  #177-D: variable "ZW_appversion_send"  was declared but never referenced
    BOOL ZW_appversion_send = FALSE;
..\src\zwave.c(55): warning:  #177-D: variable "ZW_getconnect_send"  was declared but never referenced
    BOOL ZW_getconnect_send = FALSE;
..\src\zwave.c: 7 warnings, 0 errors
linking...
Program Size: Code=12368 RO-data=376 RW-data=192 ZI-data=18848  
FromELF: creating hex file...
".\Obj\STM32F103RC.axf" - 0 Error(s), 47 Warning(s).

<h2>Software Packages used:</h2>

Package Vendor: Keil
                http://www.keil.com/pack/Keil.STM32F1xx_DFP.2.3.0.pack
                Keil.STM32F1xx_DFP.2.3.0
                STMicroelectronics STM32F1 Series Device Support, Drivers and Examples

<h2>Collection of Component include folders:</h2>
  .\RTE\_STM32F103RC
  C:\Users\NguyenThanhTam\AppData\Local\Arm\Packs\Keil\STM32F1xx_DFP\2.3.0\Device\Include

<h2>Collection of Component Files used:</h2>
Build Time Elapsed:  00:00:03
</pre>
</body>
</html>
